2026-09-09 11:16:12,812 - aqt.main - INFO - installer 30932 aqtinstall(aqt) v3.3.0 on Python 3.12.4 [CPython MSC v.1940 64 bit (AMD64)]
2026-09-09 11:16:12,814 - aqt.helper - DEBUG - helper 30932 Attempt to download checksum at https://download.qt.io/online/qtsdkrepository/windows_x86/desktop/qt6_672/Updates.xml.sha256
2026-09-09 11:16:15,503 - aqt.helper - DEBUG - helper 31708 Attempt to download checksum at https://download.qt.io/online/qtsdkrepository/windows_x86/desktop/qt6_672/qt.qt6.672.addons.qtnetworkauth.win64_msvc2019_64/6.7.2-0-202406110335qtnetworkauth-Windows-Windows_10_22H2-MSVC2019-Windows-Windows_10_22H2-X86_64.7z.sha256
2026-09-09 11:16:15,510 - aqt.helper - DEBUG - helper 25064 Attempt to download checksum at https://download.qt.io/online/qtsdkrepository/windows_x86/desktop/qt6_672/qt.qt6.672.win64_msvc2019_64/6.7.2-0-202406110335qtbase-Windows-Windows_10_22H2-MSVC2019-Windows-Windows_10_22H2-X86_64.7z.sha256
2026-09-09 11:16:15,514 - aqt.helper - DEBUG - helper 23856 Attempt to download checksum at https://download.qt.io/online/qtsdkrepository/windows_x86/desktop/qt6_672/qt.qt6.672.win64_msvc2019_64/6.7.2-0-202406110335qtsvg-Windows-Windows_10_22H2-MSVC2019-Windows-Windows_10_22H2-X86_64.7z.sha256
2026-09-09 11:16:15,530 - aqt.helper - DEBUG - helper 18696 Attempt to download checksum at https://download.qt.io/online/qtsdkrepository/windows_x86/desktop/qt6_672/qt.qt6.672.win64_msvc2019_64/6.7.2-0-202406110335qtdeclarative-Windows-Windows_10_22H2-MSVC2019-Windows-Windows_10_22H2-X86_64.7z.sha256
2026-09-09 11:16:15,943 - aqt.helper - INFO - helper 25064 Downloading qtbase...
2026-09-09 11:16:15,944 - aqt.installer - DEBUG - installer 25064 Download URL: https://download.qt.io/online/qtsdkrepository/windows_x86/desktop/qt6_672/qt.qt6.672.win64_msvc2019_64/6.7.2-0-202406110335qtbase-Windows-Windows_10_22H2-MSVC2019-Windows-Windows_10_22H2-X86_64.7z
2026-09-09 11:16:15,985 - aqt.helper - INFO - helper 31708 Downloading qtnetworkauth...
2026-09-09 11:16:15,985 - aqt.installer - DEBUG - installer 31708 Download URL: https://download.qt.io/online/qtsdkrepository/windows_x86/desktop/qt6_672/qt.qt6.672.addons.qtnetworkauth.win64_msvc2019_64/6.7.2-0-202406110335qtnetworkauth-Windows-Windows_10_22H2-MSVC2019-Windows-Windows_10_22H2-X86_64.7z
2026-09-09 11:16:16,043 - aqt.helper - INFO - helper 18696 Downloading qtdeclarative...
2026-09-09 11:16:16,044 - aqt.installer - DEBUG - installer 18696 Download URL: https://download.qt.io/online/qtsdkrepository/windows_x86/desktop/qt6_672/qt.qt6.672.win64_msvc2019_64/6.7.2-0-202406110335qtdeclarative-Windows-Windows_10_22H2-MSVC2019-Windows-Windows_10_22H2-X86_64.7z
2026-09-09 11:16:16,051 - aqt.helper - INFO - helper 23856 Downloading qtsvg...
2026-09-09 11:16:16,051 - aqt.installer - DEBUG - installer 23856 Download URL: https://download.qt.io/online/qtsdkrepository/windows_x86/desktop/qt6_672/qt.qt6.672.win64_msvc2019_64/6.7.2-0-202406110335qtsvg-Windows-Windows_10_22H2-MSVC2019-Windows-Windows_10_22H2-X86_64.7z
2026-09-09 11:16:16,427 - aqt.helper - DEBUG - helper 25064 Asked to redirect(302) to: https://mirror.maeen.sa/qtproject/online/qtsdkrepository/windows_x86/desktop/qt6_672/qt.qt6.672.win64_msvc2019_64/6.7.2-0-202406110335qtbase-Windows-Windows_10_22H2-MSVC2019-Windows-Windows_10_22H2-X86_64.7z
2026-09-09 11:16:16,427 - aqt.helper - INFO - helper 25064 Redirected: mirror.maeen.sa
2026-09-09 11:16:16,525 - aqt.helper - DEBUG - helper 18696 Asked to redirect(302) to: https://mirror.maeen.sa/qtproject/online/qtsdkrepository/windows_x86/desktop/qt6_672/qt.qt6.672.win64_msvc2019_64/6.7.2-0-202406110335qtdeclarative-Windows-Windows_10_22H2-MSVC2019-Windows-Windows_10_22H2-X86_64.7z
2026-09-09 11:16:16,525 - aqt.helper - INFO - helper 23856 Redirected: mirror.maeen.sa
2026-09-09 11:16:16,525 - aqt.helper - INFO - helper 18696 Redirected: mirror.maeen.sa
2026-09-09 11:16:18,422 - aqt.installer - INFO - installer 23856 Finished installation of qtsvg-Windows-Windows_10_22H2-MSVC2019-Windows-Windows_10_22H2-X86_64.7z in 2.91033060
2026-09-09 11:16:18,436 - aqt.helper - DEBUG - helper 23856 Attempt to download checksum at https://download.qt.io/online/qtsdkrepository/windows_x86/desktop/qt6_672/qt.qt6.672.win64_msvc2019_64/6.7.2-0-202406110335qttools-Windows-Windows_10_22H2-MSVC2019-Windows-Windows_10_22H2-X86_64.7z.sha256
2026-09-09 11:16:20,510 - aqt.helper - INFO - helper 23856 Downloading qttools...
2026-09-09 11:16:20,511 - aqt.installer - DEBUG - installer 23856 Download URL: https://download.qt.io/online/qtsdkrepository/windows_x86/desktop/qt6_672/qt.qt6.672.win64_msvc2019_64/6.7.2-0-202406110335qttools-Windows-Windows_10_22H2-MSVC2019-Windows-Windows_10_22H2-X86_64.7z
2026-09-09 11:16:20,918 - aqt.helper - DEBUG - helper 23856 Asked to redirect(302) to: https://mirror.maeen.sa/qtproject/online/qtsdkrepository/windows_x86/desktop/qt6_672/qt.qt6.672.win64_msvc2019_64/6.7.2-0-202406110335qttools-Windows-Windows_10_22H2-MSVC2019-Windows-Windows_10_22H2-X86_64.7z
2026-09-09 11:16:20,918 - aqt.helper - INFO - helper 23856 Redirected: mirror.maeen.sa
2026-09-09 11:16:26,252 - aqt.helper - DEBUG - helper 31708 Asked to redirect(302) to: https://mirror.maeen.sa/qtproject/online/qtsdkrepository/windows_x86/desktop/qt6_672/qt.qt6.672.addons.qtnetworkauth.win64_msvc2019_64/6.7.2-0-202406110335qtnetworkauth-Windows-Windows_10_22H2-MSVC2019-Windows-Windows_10_22H2-X86_64.7z
2026-09-09 11:16:26,252 - aqt.helper - INFO - helper 31708 Redirected: mirror.maeen.sa
2026-09-09 11:16:27,781 - aqt.installer - INFO - installer 31708 Finished installation of qtnetworkauth-Windows-Windows_10_22H2-MSVC2019-Windows-Windows_10_22H2-X86_64.7z in 12.27987550
2026-09-09 11:16:27,799 - aqt.helper - DEBUG - helper 31708 Attempt to download checksum at https://download.qt.io/online/qtsdkrepository/windows_x86/desktop/qt6_672/qt.qt6.672.win64_msvc2019_64/6.7.2-0-202406110335qttranslations-Windows-Windows_10_22H2-MSVC2019-Windows-Windows_10_22H2-X86_64.7z.sha256
2026-09-09 11:16:31,092 - aqt.installer - INFO - installer 23856 Finished installation of qttools-Windows-Windows_10_22H2-MSVC2019-Windows-Windows_10_22H2-X86_64.7z in 12.65904350
2026-09-09 11:16:31,112 - aqt.helper - DEBUG - helper 23856 Attempt to download checksum at https://download.qt.io/online/qtsdkrepository/windows_x86/desktop/qt6_672/qt.qt6.672.win64_msvc2019_64/6.7.2-0-202406110335d3dcompiler_47-x64.7z.sha256
2026-09-09 11:16:31,565 - aqt.helper - INFO - helper 23856 Downloading d3dcompiler_47...
2026-09-09 11:16:31,565 - aqt.installer - DEBUG - installer 23856 Download URL: https://download.qt.io/online/qtsdkrepository/windows_x86/desktop/qt6_672/qt.qt6.672.win64_msvc2019_64/6.7.2-0-202406110335d3dcompiler_47-x64.7z
2026-09-09 11:16:32,074 - aqt.helper - DEBUG - helper 23856 Asked to redirect(302) to: https://mirror.maeen.sa/qtproject/online/qtsdkrepository/windows_x86/desktop/qt6_672/qt.qt6.672.win64_msvc2019_64/6.7.2-0-202406110335d3dcompiler_47-x64.7z
2026-09-09 11:16:32,074 - aqt.helper - INFO - helper 23856 Redirected: mirror.maeen.sa
2026-09-09 11:16:32,948 - aqt.helper - INFO - helper 31708 Downloading qttranslations...
2026-09-09 11:16:32,948 - aqt.installer - DEBUG - installer 31708 Download URL: https://download.qt.io/online/qtsdkrepository/windows_x86/desktop/qt6_672/qt.qt6.672.win64_msvc2019_64/6.7.2-0-202406110335qttranslations-Windows-Windows_10_22H2-MSVC2019-Windows-Windows_10_22H2-X86_64.7z
2026-09-09 11:16:33,426 - aqt.helper - DEBUG - helper 31708 Asked to redirect(302) to: https://mirror.maeen.sa/qtproject/online/qtsdkrepository/windows_x86/desktop/qt6_672/qt.qt6.672.win64_msvc2019_64/6.7.2-0-202406110335qttranslations-Windows-Windows_10_22H2-MSVC2019-Windows-Windows_10_22H2-X86_64.7z
2026-09-09 11:16:33,426 - aqt.helper - INFO - helper 31708 Redirected: mirror.maeen.sa
2026-09-09 11:16:33,949 - aqt.installer - INFO - installer 23856 Finished installation of d3dcompiler_47-x64.7z in 2.83859300
2026-09-09 11:16:33,963 - aqt.helper - DEBUG - helper 23856 Attempt to download checksum at https://download.qt.io/online/qtsdkrepository/windows_x86/desktop/qt6_672/qt.qt6.672.win64_msvc2019_64/6.7.2-0-202406110335opengl32sw-64-mesa_11_2_2-signed_sha256.7z.sha256
2026-09-09 11:16:34,437 - aqt.helper - INFO - helper 23856 Downloading opengl32sw...
2026-09-09 11:16:34,437 - aqt.installer - DEBUG - installer 23856 Download URL: https://download.qt.io/online/qtsdkrepository/windows_x86/desktop/qt6_672/qt.qt6.672.win64_msvc2019_64/6.7.2-0-202406110335opengl32sw-64-mesa_11_2_2-signed_sha256.7z
2026-09-09 11:16:35,956 - aqt.installer - INFO - installer 31708 Finished installation of qttranslations-Windows-Windows_10_22H2-MSVC2019-Windows-Windows_10_22H2-X86_64.7z in 8.16092720
2026-09-09 11:16:37,327 - aqt.helper - DEBUG - helper 23856 Asked to redirect(302) to: https://mirror.maeen.sa/qtproject/online/qtsdkrepository/windows_x86/desktop/qt6_672/qt.qt6.672.win64_msvc2019_64/6.7.2-0-202406110335opengl32sw-64-mesa_11_2_2-signed_sha256.7z
2026-09-09 11:16:37,327 - aqt.helper - INFO - helper 23856 Redirected: mirror.maeen.sa
2026-09-09 11:16:40,083 - aqt.installer - INFO - installer 23856 Finished installation of opengl32sw-64-mesa_11_2_2-signed_sha256.7z in 6.12302970
2026-09-09 11:16:41,009 - aqt.installer - INFO - installer 25064 Finished installation of qtbase-Windows-Windows_10_22H2-MSVC2019-Windows-Windows_10_22H2-X86_64.7z in 25.50173850
2026-09-09 11:17:28,322 - aqt.installer - INFO - installer 18696 Finished installation of qtdeclarative-Windows-Windows_10_22H2-MSVC2019-Windows-Windows_10_22H2-X86_64.7z in 72.79391020
2026-09-09 11:17:28,586 - aqt.updater - INFO - updater 30932 Patching C:\Qt\6.7.2\msvc2019_64\bin\qmake.exe
2026-09-09 11:17:28,593 - aqt.updater - INFO - updater 30932 Patching C:\Qt\6.7.2\msvc2019_64\lib\Qt6Concurrent.prl
2026-09-09 11:17:28,603 - aqt.updater - INFO - updater 30932 Patching C:\Qt\6.7.2\msvc2019_64\lib\Qt6Concurrentd.prl
2026-09-09 11:17:28,611 - aqt.updater - INFO - updater 30932 Patching C:\Qt\6.7.2\msvc2019_64\lib\Qt6Core.prl
2026-09-09 11:17:28,619 - aqt.updater - INFO - updater 30932 Patching C:\Qt\6.7.2\msvc2019_64\lib\Qt6Cored.prl
2026-09-09 11:17:28,627 - aqt.updater - INFO - updater 30932 Patching C:\Qt\6.7.2\msvc2019_64\lib\Qt6DBus.prl
2026-09-09 11:17:28,634 - aqt.updater - INFO - updater 30932 Patching C:\Qt\6.7.2\msvc2019_64\lib\Qt6DBusd.prl
2026-09-09 11:17:28,640 - aqt.updater - INFO - updater 30932 Patching C:\Qt\6.7.2\msvc2019_64\lib\Qt6Designer.prl
2026-09-09 11:17:28,647 - aqt.updater - INFO - updater 30932 Patching C:\Qt\6.7.2\msvc2019_64\lib\Qt6DesignerComponents.prl
2026-09-09 11:17:28,655 - aqt.updater - INFO - updater 30932 Patching C:\Qt\6.7.2\msvc2019_64\lib\Qt6DesignerComponentsd.prl
2026-09-09 11:17:28,662 - aqt.updater - INFO - updater 30932 Patching C:\Qt\6.7.2\msvc2019_64\lib\Qt6Designerd.prl
2026-09-09 11:17:28,669 - aqt.updater - INFO - updater 30932 Patching C:\Qt\6.7.2\msvc2019_64\lib\Qt6DeviceDiscoverySupport.prl
2026-09-09 11:17:28,677 - aqt.updater - INFO - updater 30932 Patching C:\Qt\6.7.2\msvc2019_64\lib\Qt6DeviceDiscoverySupportd.prl
2026-09-09 11:17:28,684 - aqt.updater - INFO - updater 30932 Patching C:\Qt\6.7.2\msvc2019_64\lib\Qt6EntryPoint.prl
2026-09-09 11:17:28,691 - aqt.updater - INFO - updater 30932 Patching C:\Qt\6.7.2\msvc2019_64\lib\Qt6EntryPointd.prl
2026-09-09 11:17:28,698 - aqt.updater - INFO - updater 30932 Patching C:\Qt\6.7.2\msvc2019_64\lib\Qt6ExampleIcons.prl
2026-09-09 11:17:28,706 - aqt.updater - INFO - updater 30932 Patching C:\Qt\6.7.2\msvc2019_64\lib\Qt6ExampleIconsd.prl
2026-09-09 11:17:28,712 - aqt.updater - INFO - updater 30932 Patching C:\Qt\6.7.2\msvc2019_64\lib\Qt6FbSupport.prl
2026-09-09 11:17:28,720 - aqt.updater - INFO - updater 30932 Patching C:\Qt\6.7.2\msvc2019_64\lib\Qt6FbSupportd.prl
2026-09-09 11:17:28,727 - aqt.updater - INFO - updater 30932 Patching C:\Qt\6.7.2\msvc2019_64\lib\Qt6Gui.prl
2026-09-09 11:17:28,736 - aqt.updater - INFO - updater 30932 Patching C:\Qt\6.7.2\msvc2019_64\lib\Qt6Guid.prl
2026-09-09 11:17:28,743 - aqt.updater - INFO - updater 30932 Patching C:\Qt\6.7.2\msvc2019_64\lib\Qt6Help.prl
2026-09-09 11:17:28,750 - aqt.updater - INFO - updater 30932 Patching C:\Qt\6.7.2\msvc2019_64\lib\Qt6Helpd.prl
2026-09-09 11:17:28,757 - aqt.updater - INFO - updater 30932 Patching C:\Qt\6.7.2\msvc2019_64\lib\Qt6LabsAnimation.prl
2026-09-09 11:17:28,766 - aqt.updater - INFO - updater 30932 Patching C:\Qt\6.7.2\msvc2019_64\lib\Qt6LabsAnimationd.prl
2026-09-09 11:17:28,775 - aqt.updater - INFO - updater 30932 Patching C:\Qt\6.7.2\msvc2019_64\lib\Qt6LabsFolderListModel.prl
2026-09-09 11:17:28,781 - aqt.updater - INFO - updater 30932 Patching C:\Qt\6.7.2\msvc2019_64\lib\Qt6LabsFolderListModeld.prl
2026-09-09 11:17:28,788 - aqt.updater - INFO - updater 30932 Patching C:\Qt\6.7.2\msvc2019_64\lib\Qt6LabsQmlModels.prl
2026-09-09 11:17:28,795 - aqt.updater - INFO - updater 30932 Patching C:\Qt\6.7.2\msvc2019_64\lib\Qt6LabsQmlModelsd.prl
2026-09-09 11:17:28,802 - aqt.updater - INFO - updater 30932 Patching C:\Qt\6.7.2\msvc2019_64\lib\Qt6LabsSettings.prl
2026-09-09 11:17:28,811 - aqt.updater - INFO - updater 30932 Patching C:\Qt\6.7.2\msvc2019_64\lib\Qt6LabsSettingsd.prl
2026-09-09 11:17:28,816 - aqt.updater - INFO - updater 30932 Patching C:\Qt\6.7.2\msvc2019_64\lib\Qt6LabsSharedImage.prl
2026-09-09 11:17:28,823 - aqt.updater - INFO - updater 30932 Patching C:\Qt\6.7.2\msvc2019_64\lib\Qt6LabsSharedImaged.prl
2026-09-09 11:17:28,832 - aqt.updater - INFO - updater 30932 Patching C:\Qt\6.7.2\msvc2019_64\lib\Qt6LabsWavefrontMesh.prl
2026-09-09 11:17:28,841 - aqt.updater - INFO - updater 30932 Patching C:\Qt\6.7.2\msvc2019_64\lib\Qt6LabsWavefrontMeshd.prl
2026-09-09 11:17:28,851 - aqt.updater - INFO - updater 30932 Patching C:\Qt\6.7.2\msvc2019_64\lib\Qt6Network.prl
2026-09-09 11:17:28,860 - aqt.updater - INFO - updater 30932 Patching C:\Qt\6.7.2\msvc2019_64\lib\Qt6NetworkAuth.prl
2026-09-09 11:17:28,870 - aqt.updater - INFO - updater 30932 Patching C:\Qt\6.7.2\msvc2019_64\lib\Qt6NetworkAuthd.prl
2026-09-09 11:17:28,879 - aqt.updater - INFO - updater 30932 Patching C:\Qt\6.7.2\msvc2019_64\lib\Qt6Networkd.prl
2026-09-09 11:17:28,887 - aqt.updater - INFO - updater 30932 Patching C:\Qt\6.7.2\msvc2019_64\lib\Qt6OpenGL.prl
2026-09-09 11:17:28,895 - aqt.updater - INFO - updater 30932 Patching C:\Qt\6.7.2\msvc2019_64\lib\Qt6OpenGLd.prl
2026-09-09 11:17:28,901 - aqt.updater - INFO - updater 30932 Patching C:\Qt\6.7.2\msvc2019_64\lib\Qt6OpenGLWidgets.prl
2026-09-09 11:17:28,908 - aqt.updater - INFO - updater 30932 Patching C:\Qt\6.7.2\msvc2019_64\lib\Qt6OpenGLWidgetsd.prl
2026-09-09 11:17:28,913 - aqt.updater - INFO - updater 30932 Patching C:\Qt\6.7.2\msvc2019_64\lib\Qt6PacketProtocol.prl
2026-09-09 11:17:28,919 - aqt.updater - INFO - updater 30932 Patching C:\Qt\6.7.2\msvc2019_64\lib\Qt6PacketProtocold.prl
2026-09-09 11:17:28,925 - aqt.updater - INFO - updater 30932 Patching C:\Qt\6.7.2\msvc2019_64\lib\Qt6PrintSupport.prl
2026-09-09 11:17:28,932 - aqt.updater - INFO - updater 30932 Patching C:\Qt\6.7.2\msvc2019_64\lib\Qt6PrintSupportd.prl
2026-09-09 11:17:28,941 - aqt.updater - INFO - updater 30932 Patching C:\Qt\6.7.2\msvc2019_64\lib\Qt6Qml.prl
2026-09-09 11:17:28,948 - aqt.updater - INFO - updater 30932 Patching C:\Qt\6.7.2\msvc2019_64\lib\Qt6QmlBuiltins.prl
2026-09-09 11:17:28,955 - aqt.updater - INFO - updater 30932 Patching C:\Qt\6.7.2\msvc2019_64\lib\Qt6QmlBuiltinsd.prl
2026-09-09 11:17:28,963 - aqt.updater - INFO - updater 30932 Patching C:\Qt\6.7.2\msvc2019_64\lib\Qt6QmlCompiler.prl
2026-09-09 11:17:28,970 - aqt.updater - INFO - updater 30932 Patching C:\Qt\6.7.2\msvc2019_64\lib\Qt6QmlCompilerd.prl
2026-09-09 11:17:28,976 - aqt.updater - INFO - updater 30932 Patching C:\Qt\6.7.2\msvc2019_64\lib\Qt6QmlCore.prl
2026-09-09 11:17:28,983 - aqt.updater - INFO - updater 30932 Patching C:\Qt\6.7.2\msvc2019_64\lib\Qt6QmlCored.prl
2026-09-09 11:17:28,989 - aqt.updater - INFO - updater 30932 Patching C:\Qt\6.7.2\msvc2019_64\lib\Qt6Qmld.prl
2026-09-09 11:17:28,996 - aqt.updater - INFO - updater 30932 Patching C:\Qt\6.7.2\msvc2019_64\lib\Qt6QmlDebug.prl
2026-09-09 11:17:29,003 - aqt.updater - INFO - updater 30932 Patching C:\Qt\6.7.2\msvc2019_64\lib\Qt6QmlDebugd.prl
2026-09-09 11:17:29,011 - aqt.updater - INFO - updater 30932 Patching C:\Qt\6.7.2\msvc2019_64\lib\Qt6QmlDom.prl
2026-09-09 11:17:29,021 - aqt.updater - INFO - updater 30932 Patching C:\Qt\6.7.2\msvc2019_64\lib\Qt6QmlDomd.prl
2026-09-09 11:17:29,028 - aqt.updater - INFO - updater 30932 Patching C:\Qt\6.7.2\msvc2019_64\lib\Qt6QmlLocalStorage.prl
2026-09-09 11:17:29,035 - aqt.updater - INFO - updater 30932 Patching C:\Qt\6.7.2\msvc2019_64\lib\Qt6QmlLocalStoraged.prl
2026-09-09 11:17:29,045 - aqt.updater - INFO - updater 30932 Patching C:\Qt\6.7.2\msvc2019_64\lib\Qt6QmlLS.prl
2026-09-09 11:17:29,053 - aqt.updater - INFO - updater 30932 Patching C:\Qt\6.7.2\msvc2019_64\lib\Qt6QmlLSd.prl
2026-09-09 11:17:29,061 - aqt.updater - INFO - updater 30932 Patching C:\Qt\6.7.2\msvc2019_64\lib\Qt6QmlModels.prl
2026-09-09 11:17:29,067 - aqt.updater - INFO - updater 30932 Patching C:\Qt\6.7.2\msvc2019_64\lib\Qt6QmlModelsd.prl
2026-09-09 11:17:29,073 - aqt.updater - INFO - updater 30932 Patching C:\Qt\6.7.2\msvc2019_64\lib\Qt6QmlNetwork.prl
2026-09-09 11:17:29,082 - aqt.updater - INFO - updater 30932 Patching C:\Qt\6.7.2\msvc2019_64\lib\Qt6QmlNetworkd.prl
2026-09-09 11:17:29,089 - aqt.updater - INFO - updater 30932 Patching C:\Qt\6.7.2\msvc2019_64\lib\Qt6QmlToolingSettings.prl
2026-09-09 11:17:29,099 - aqt.updater - INFO - updater 30932 Patching C:\Qt\6.7.2\msvc2019_64\lib\Qt6QmlToolingSettingsd.prl
2026-09-09 11:17:29,106 - aqt.updater - INFO - updater 30932 Patching C:\Qt\6.7.2\msvc2019_64\lib\Qt6QmlTypeRegistrar.prl
2026-09-09 11:17:29,118 - aqt.updater - INFO - updater 30932 Patching C:\Qt\6.7.2\msvc2019_64\lib\Qt6QmlTypeRegistrard.prl
2026-09-09 11:17:29,124 - aqt.updater - INFO - updater 30932 Patching C:\Qt\6.7.2\msvc2019_64\lib\Qt6QmlWorkerScript.prl
2026-09-09 11:17:29,132 - aqt.updater - INFO - updater 30932 Patching C:\Qt\6.7.2\msvc2019_64\lib\Qt6QmlWorkerScriptd.prl
2026-09-09 11:17:29,139 - aqt.updater - INFO - updater 30932 Patching C:\Qt\6.7.2\msvc2019_64\lib\Qt6QmlXmlListModel.prl
2026-09-09 11:17:29,147 - aqt.updater - INFO - updater 30932 Patching C:\Qt\6.7.2\msvc2019_64\lib\Qt6QmlXmlListModeld.prl
2026-09-09 11:17:29,154 - aqt.updater - INFO - updater 30932 Patching C:\Qt\6.7.2\msvc2019_64\lib\Qt6Quick.prl
2026-09-09 11:17:29,161 - aqt.updater - INFO - updater 30932 Patching C:\Qt\6.7.2\msvc2019_64\lib\Qt6QuickControls2.prl
2026-09-09 11:17:29,170 - aqt.updater - INFO - updater 30932 Patching C:\Qt\6.7.2\msvc2019_64\lib\Qt6QuickControls2Basic.prl
2026-09-09 11:17:29,176 - aqt.updater - INFO - updater 30932 Patching C:\Qt\6.7.2\msvc2019_64\lib\Qt6QuickControls2Basicd.prl
2026-09-09 11:17:29,184 - aqt.updater - INFO - updater 30932 Patching C:\Qt\6.7.2\msvc2019_64\lib\Qt6QuickControls2BasicStyleImpl.prl
2026-09-09 11:17:29,190 - aqt.updater - INFO - updater 30932 Patching C:\Qt\6.7.2\msvc2019_64\lib\Qt6QuickControls2BasicStyleImpld.prl
2026-09-09 11:17:29,199 - aqt.updater - INFO - updater 30932 Patching C:\Qt\6.7.2\msvc2019_64\lib\Qt6QuickControls2d.prl
2026-09-09 11:17:29,205 - aqt.updater - INFO - updater 30932 Patching C:\Qt\6.7.2\msvc2019_64\lib\Qt6QuickControls2Fusion.prl
2026-09-09 11:17:29,214 - aqt.updater - INFO - updater 30932 Patching C:\Qt\6.7.2\msvc2019_64\lib\Qt6QuickControls2Fusiond.prl
2026-09-09 11:17:29,220 - aqt.updater - INFO - updater 30932 Patching C:\Qt\6.7.2\msvc2019_64\lib\Qt6QuickControls2FusionStyleImpl.prl
2026-09-09 11:17:29,228 - aqt.updater - INFO - updater 30932 Patching C:\Qt\6.7.2\msvc2019_64\lib\Qt6QuickControls2FusionStyleImpld.prl
2026-09-09 11:17:29,235 - aqt.updater - INFO - updater 30932 Patching C:\Qt\6.7.2\msvc2019_64\lib\Qt6QuickControls2Imagine.prl
2026-09-09 11:17:29,243 - aqt.updater - INFO - updater 30932 Patching C:\Qt\6.7.2\msvc2019_64\lib\Qt6QuickControls2Imagined.prl
2026-09-09 11:17:29,251 - aqt.updater - INFO - updater 30932 Patching C:\Qt\6.7.2\msvc2019_64\lib\Qt6QuickControls2ImagineStyleImpl.prl
2026-09-09 11:17:29,259 - aqt.updater - INFO - updater 30932 Patching C:\Qt\6.7.2\msvc2019_64\lib\Qt6QuickControls2ImagineStyleImpld.prl
2026-09-09 11:17:29,266 - aqt.updater - INFO - updater 30932 Patching C:\Qt\6.7.2\msvc2019_64\lib\Qt6QuickControls2Impl.prl
2026-09-09 11:17:29,273 - aqt.updater - INFO - updater 30932 Patching C:\Qt\6.7.2\msvc2019_64\lib\Qt6QuickControls2Impld.prl
2026-09-09 11:17:29,279 - aqt.updater - INFO - updater 30932 Patching C:\Qt\6.7.2\msvc2019_64\lib\Qt6QuickControls2Material.prl
2026-09-09 11:17:29,287 - aqt.updater - INFO - updater 30932 Patching C:\Qt\6.7.2\msvc2019_64\lib\Qt6QuickControls2Materiald.prl
2026-09-09 11:17:29,293 - aqt.updater - INFO - updater 30932 Patching C:\Qt\6.7.2\msvc2019_64\lib\Qt6QuickControls2MaterialStyleImpl.prl
2026-09-09 11:17:29,299 - aqt.updater - INFO - updater 30932 Patching C:\Qt\6.7.2\msvc2019_64\lib\Qt6QuickControls2MaterialStyleImpld.prl
2026-09-09 11:17:29,307 - aqt.updater - INFO - updater 30932 Patching C:\Qt\6.7.2\msvc2019_64\lib\Qt6QuickControls2Universal.prl
2026-09-09 11:17:29,316 - aqt.updater - INFO - updater 30932 Patching C:\Qt\6.7.2\msvc2019_64\lib\Qt6QuickControls2Universald.prl
2026-09-09 11:17:29,323 - aqt.updater - INFO - updater 30932 Patching C:\Qt\6.7.2\msvc2019_64\lib\Qt6QuickControls2UniversalStyleImpl.prl
2026-09-09 11:17:29,329 - aqt.updater - INFO - updater 30932 Patching C:\Qt\6.7.2\msvc2019_64\lib\Qt6QuickControls2UniversalStyleImpld.prl
2026-09-09 11:17:29,336 - aqt.updater - INFO - updater 30932 Patching C:\Qt\6.7.2\msvc2019_64\lib\Qt6QuickControls2WindowsStyleImpl.prl
2026-09-09 11:17:29,344 - aqt.updater - INFO - updater 30932 Patching C:\Qt\6.7.2\msvc2019_64\lib\Qt6QuickControls2WindowsStyleImpld.prl
2026-09-09 11:17:29,350 - aqt.updater - INFO - updater 30932 Patching C:\Qt\6.7.2\msvc2019_64\lib\Qt6QuickControlsTestUtils.prl
2026-09-09 11:17:29,358 - aqt.updater - INFO - updater 30932 Patching C:\Qt\6.7.2\msvc2019_64\lib\Qt6QuickControlsTestUtilsd.prl
2026-09-09 11:17:29,367 - aqt.updater - INFO - updater 30932 Patching C:\Qt\6.7.2\msvc2019_64\lib\Qt6Quickd.prl
2026-09-09 11:17:29,373 - aqt.updater - INFO - updater 30932 Patching C:\Qt\6.7.2\msvc2019_64\lib\Qt6QuickDialogs2.prl
2026-09-09 11:17:29,381 - aqt.updater - INFO - updater 30932 Patching C:\Qt\6.7.2\msvc2019_64\lib\Qt6QuickDialogs2d.prl
2026-09-09 11:17:29,388 - aqt.updater - INFO - updater 30932 Patching C:\Qt\6.7.2\msvc2019_64\lib\Qt6QuickDialogs2QuickImpl.prl
2026-09-09 11:17:29,394 - aqt.updater - INFO - updater 30932 Patching C:\Qt\6.7.2\msvc2019_64\lib\Qt6QuickDialogs2QuickImpld.prl
2026-09-09 11:17:29,403 - aqt.updater - INFO - updater 30932 Patching C:\Qt\6.7.2\msvc2019_64\lib\Qt6QuickDialogs2Utils.prl
2026-09-09 11:17:29,410 - aqt.updater - INFO - updater 30932 Patching C:\Qt\6.7.2\msvc2019_64\lib\Qt6QuickDialogs2Utilsd.prl
2026-09-09 11:17:29,419 - aqt.updater - INFO - updater 30932 Patching C:\Qt\6.7.2\msvc2019_64\lib\Qt6QuickEffects.prl
2026-09-09 11:17:29,426 - aqt.updater - INFO - updater 30932 Patching C:\Qt\6.7.2\msvc2019_64\lib\Qt6QuickEffectsd.prl
2026-09-09 11:17:29,433 - aqt.updater - INFO - updater 30932 Patching C:\Qt\6.7.2\msvc2019_64\lib\Qt6QuickLayouts.prl
2026-09-09 11:17:29,442 - aqt.updater - INFO - updater 30932 Patching C:\Qt\6.7.2\msvc2019_64\lib\Qt6QuickLayoutsd.prl
2026-09-09 11:17:29,449 - aqt.updater - INFO - updater 30932 Patching C:\Qt\6.7.2\msvc2019_64\lib\Qt6QuickParticles.prl
2026-09-09 11:17:29,457 - aqt.updater - INFO - updater 30932 Patching C:\Qt\6.7.2\msvc2019_64\lib\Qt6QuickParticlesd.prl
2026-09-09 11:17:29,464 - aqt.updater - INFO - updater 30932 Patching C:\Qt\6.7.2\msvc2019_64\lib\Qt6QuickShapes.prl
2026-09-09 11:17:29,471 - aqt.updater - INFO - updater 30932 Patching C:\Qt\6.7.2\msvc2019_64\lib\Qt6QuickShapesd.prl
2026-09-09 11:17:29,477 - aqt.updater - INFO - updater 30932 Patching C:\Qt\6.7.2\msvc2019_64\lib\Qt6QuickTemplates2.prl
2026-09-09 11:17:29,484 - aqt.updater - INFO - updater 30932 Patching C:\Qt\6.7.2\msvc2019_64\lib\Qt6QuickTemplates2d.prl
2026-09-09 11:17:29,491 - aqt.updater - INFO - updater 30932 Patching C:\Qt\6.7.2\msvc2019_64\lib\Qt6QuickTest.prl
2026-09-09 11:17:29,499 - aqt.updater - INFO - updater 30932 Patching C:\Qt\6.7.2\msvc2019_64\lib\Qt6QuickTestd.prl
2026-09-09 11:17:29,506 - aqt.updater - INFO - updater 30932 Patching C:\Qt\6.7.2\msvc2019_64\lib\Qt6QuickTestUtils.prl
2026-09-09 11:17:29,514 - aqt.updater - INFO - updater 30932 Patching C:\Qt\6.7.2\msvc2019_64\lib\Qt6QuickTestUtilsd.prl
2026-09-09 11:17:29,523 - aqt.updater - INFO - updater 30932 Patching C:\Qt\6.7.2\msvc2019_64\lib\Qt6QuickWidgets.prl
2026-09-09 11:17:29,532 - aqt.updater - INFO - updater 30932 Patching C:\Qt\6.7.2\msvc2019_64\lib\Qt6QuickWidgetsd.prl
2026-09-09 11:17:29,538 - aqt.updater - INFO - updater 30932 Patching C:\Qt\6.7.2\msvc2019_64\lib\Qt6Sql.prl
2026-09-09 11:17:29,546 - aqt.updater - INFO - updater 30932 Patching C:\Qt\6.7.2\msvc2019_64\lib\Qt6Sqld.prl
2026-09-09 11:17:29,552 - aqt.updater - INFO - updater 30932 Patching C:\Qt\6.7.2\msvc2019_64\lib\Qt6Svg.prl
2026-09-09 11:17:29,558 - aqt.updater - INFO - updater 30932 Patching C:\Qt\6.7.2\msvc2019_64\lib\Qt6Svgd.prl
2026-09-09 11:17:29,564 - aqt.updater - INFO - updater 30932 Patching C:\Qt\6.7.2\msvc2019_64\lib\Qt6SvgWidgets.prl
2026-09-09 11:17:29,569 - aqt.updater - INFO - updater 30932 Patching C:\Qt\6.7.2\msvc2019_64\lib\Qt6SvgWidgetsd.prl
2026-09-09 11:17:29,577 - aqt.updater - INFO - updater 30932 Patching C:\Qt\6.7.2\msvc2019_64\lib\Qt6Test.prl
2026-09-09 11:17:29,583 - aqt.updater - INFO - updater 30932 Patching C:\Qt\6.7.2\msvc2019_64\lib\Qt6Testd.prl
2026-09-09 11:17:29,589 - aqt.updater - INFO - updater 30932 Patching C:\Qt\6.7.2\msvc2019_64\lib\Qt6UiTools.prl
2026-09-09 11:17:29,596 - aqt.updater - INFO - updater 30932 Patching C:\Qt\6.7.2\msvc2019_64\lib\Qt6UiToolsd.prl
2026-09-09 11:17:29,600 - aqt.updater - INFO - updater 30932 Patching C:\Qt\6.7.2\msvc2019_64\lib\Qt6Widgets.prl
2026-09-09 11:17:29,608 - aqt.updater - INFO - updater 30932 Patching C:\Qt\6.7.2\msvc2019_64\lib\Qt6Widgetsd.prl
2026-09-09 11:17:29,614 - aqt.updater - INFO - updater 30932 Patching C:\Qt\6.7.2\msvc2019_64\lib\Qt6Xml.prl
2026-09-09 11:17:29,620 - aqt.updater - INFO - updater 30932 Patching C:\Qt\6.7.2\msvc2019_64\lib\Qt6Xmld.prl
2026-09-09 11:17:29,630 - aqt.main - INFO - installer 30932 Finished installation
2026-09-09 11:17:29,630 - aqt.main - INFO - installer 30932 Time elapsed: 76.81734260 second
